Building for debugging...
[0/2] Write swift-version--58304C5D6DBC2206.txt
Build complete! (0.12s)
Test Suite 'All tests' started at 2026-07-25 20:31:22.788.
Test Suite 'RecordCorePackageTests.xctest' started at 2026-07-25 20:31:22.789.
Test Suite 'HomeLogicTests' started at 2026-07-25 20:31:22.789.
Test Case '-[RecordCoreTests.HomeLogicTests testFdActiveRequiresGoAndZeroTotal]' started.
Test Case '-[RecordCoreTests.HomeLogicTests testFdActiveRequiresGoAndZeroTotal]' passed (0.001 seconds).
Test Case '-[RecordCoreTests.HomeLogicTests testFdFocusHomeActiveOnlyOnGuideStartDay]' started.
Test Case '-[RecordCoreTests.HomeLogicTests testFdFocusHomeActiveOnlyOnGuideStartDay]' passed (0.000 seconds).
Test Case '-[RecordCoreTests.HomeLogicTests testFdFocusHomeInactiveOnFollowingDay]' started.
Test Case '-[RecordCoreTests.HomeLogicTests testFdFocusHomeInactiveOnFollowingDay]' passed (0.000 seconds).
Test Case '-[RecordCoreTests.HomeLogicTests testFdFocusHomeInactiveWhenNotGuiding]' started.
Test Case '-[RecordCoreTests.HomeLogicTests testFdFocusHomeInactiveWhenNotGuiding]' passed (0.000 seconds).
Test Case '-[RecordCoreTests.HomeLogicTests testRefreshDayDetectsMidnightThreeBoundaryCrossing]' started.
Test Case '-[RecordCoreTests.HomeLogicTests testRefreshDayDetectsMidnightThreeBoundaryCrossing]' passed (0.001 seconds).
Test Case '-[RecordCoreTests.HomeLogicTests testRefreshDayNoChangeWithinSameDay]' started.
Test Case '-[RecordCoreTests.HomeLogicTests testRefreshDayNoChangeWithinSameDay]' passed (0.000 seconds).
Test Case '-[RecordCoreTests.HomeLogicTests testShouldNotShowDoneNudgeAcrossDayBoundary]' started.
Test Case '-[RecordCoreTests.HomeLogicTests testShouldNotShowDoneNudgeAcrossDayBoundary]' passed (0.000 seconds).
Test Case '-[RecordCoreTests.HomeLogicTests testShouldNotShowDoneNudgeWhenAlreadyRecordedToday]' started.
Test Case '-[RecordCoreTests.HomeLogicTests testShouldNotShowDoneNudgeWhenAlreadyRecordedToday]' passed (0.000 seconds).
Test Case '-[RecordCoreTests.HomeLogicTests testShouldNotShowDoneNudgeWhenNoPending]' started.
Test Case '-[RecordCoreTests.HomeLogicTests testShouldNotShowDoneNudgeWhenNoPending]' passed (0.000 seconds).
Test Case '-[RecordCoreTests.HomeLogicTests testShouldShowDoneNudgeWhenPendingAndNotYetRecorded]' started.
Test Case '-[RecordCoreTests.HomeLogicTests testShouldShowDoneNudgeWhenPendingAndNotYetRecorded]' passed (0.000 seconds).
Test Suite 'HomeLogicTests' passed at 2026-07-25 20:31:22.792.
	 Executed 10 tests, with 0 failures (0 unexpected) in 0.003 (0.004) seconds
Test Suite 'KyonoTransferTests' started at 2026-07-25 20:31:22.792.
Test Case '-[RecordCoreTests.KyonoTransferTests testImportExportFixtureMatchesExpectedValues]' started.
Test Case '-[RecordCoreTests.KyonoTransferTests testImportExportFixtureMatchesExpectedValues]' passed (0.002 seconds).
Test Case '-[RecordCoreTests.KyonoTransferTests testImportExportRoundTripDoesNotShrinkKeySet]' started.
Test Case '-[RecordCoreTests.KyonoTransferTests testImportExportRoundTripDoesNotShrinkKeySet]' passed (0.001 seconds).
Test Case '-[RecordCoreTests.KyonoTransferTests testRejectsInvalidPrefix]' started.
Test Case '-[RecordCoreTests.KyonoTransferTests testRejectsInvalidPrefix]' passed (0.000 seconds).
Test Case '-[RecordCoreTests.KyonoTransferTests testRejectsMissingKyonoPrefixKeysOnly]' started.
Test Case '-[RecordCoreTests.KyonoTransferTests testRejectsMissingKyonoPrefixKeysOnly]' passed (0.000 seconds).
Test Suite 'KyonoTransferTests' passed at 2026-07-25 20:31:22.796.
	 Executed 4 tests, with 0 failures (0 unexpected) in 0.004 (0.004) seconds
Test Suite 'RecordLogicTests' started at 2026-07-25 20:31:22.796.
Test Case '-[RecordCoreTests.RecordLogicTests testCanBridgeFreezesRespectsPerMonthCap]' started.
Test Case '-[RecordCoreTests.RecordLogicTests testCanBridgeFreezesRespectsPerMonthCap]' passed (0.000 seconds).
Test Case '-[RecordCoreTests.RecordLogicTests testDaylogTrimsTo400]' started.
Test Case '-[RecordCoreTests.RecordLogicTests testDaylogTrimsTo400]' passed (0.007 seconds).
Test Case '-[RecordCoreTests.RecordLogicTests testDaysBetweenIsTimezoneIndependentCalendarDays]' started.
Test Case '-[RecordCoreTests.RecordLogicTests testDaysBetweenIsTimezoneIndependentCalendarDays]' passed (0.000 seconds).
Test Case '-[RecordCoreTests.RecordLogicTests testFreezeLeftReflectsUsedBudget]' started.
Test Case '-[RecordCoreTests.RecordLogicTests testFreezeLeftReflectsUsedBudget]' passed (0.000 seconds).
Test Case '-[RecordCoreTests.RecordLogicTests testFreezeMapMigratesFromOldSingularFreeze]' started.
Test Case '-[RecordCoreTests.RecordLogicTests testFreezeMapMigratesFromOldSingularFreeze]' passed (0.000 seconds).
Test Case '-[RecordCoreTests.RecordLogicTests testMarkDoneAlreadyDoneTodayIsNoop]' started.
Test Case '-[RecordCoreTests.RecordLogicTests testMarkDoneAlreadyDoneTodayIsNoop]' passed (0.000 seconds).
Test Case '-[RecordCoreTests.RecordLogicTests testMarkDoneConsecutiveDayIncrementsCount]' started.
Test Case '-[RecordCoreTests.RecordLogicTests testMarkDoneConsecutiveDayIncrementsCount]' passed (0.000 seconds).
Test Case '-[RecordCoreTests.RecordLogicTests testMarkDoneFirstEver]' started.
Test Case '-[RecordCoreTests.RecordLogicTests testMarkDoneFirstEver]' passed (0.000 seconds).
Test Case '-[RecordCoreTests.RecordLogicTests testMarkDoneGapBridgedByFreezeKeepsCount]' started.
Test Case '-[RecordCoreTests.RecordLogicTests testMarkDoneGapBridgedByFreezeKeepsCount]' passed (0.000 seconds).
Test Case '-[RecordCoreTests.RecordLogicTests testMarkDoneGapTooLargeStartsNewChapter]' started.
Test Case '-[RecordCoreTests.RecordLogicTests testMarkDoneGapTooLargeStartsNewChapter]' passed (0.000 seconds).
Test Case '-[RecordCoreTests.RecordLogicTests testSaveMemoStoresAndClearsOnEmpty]' started.
Test Case '-[RecordCoreTests.RecordLogicTests testSaveMemoStoresAndClearsOnEmpty]' passed (0.000 seconds).
Test Case '-[RecordCoreTests.RecordLogicTests testSetReachProtectsBestOnTrim]' started.
Test Case '-[RecordCoreTests.RecordLogicTests testSetReachProtectsBestOnTrim]' passed (0.002 seconds).
Test Case '-[RecordCoreTests.RecordLogicTests testStreakDefensiveCoercionKeepsGoodFieldsOnPartialCorruption]' started.
Test Case '-[RecordCoreTests.RecordLogicTests testStreakDefensiveCoercionKeepsGoodFieldsOnPartialCorruption]' passed (0.000 seconds).
Test Case '-[RecordCoreTests.RecordLogicTests testStreakMigratesFromOldFormat]' started.
Test Case '-[RecordCoreTests.RecordLogicTests testStreakMigratesFromOldFormat]' passed (0.000 seconds).
Test Case '-[RecordCoreTests.RecordLogicTests testTodayStrMidnightThreeBoundary]' started.
Test Case '-[RecordCoreTests.RecordLogicTests testTodayStrMidnightThreeBoundary]' passed (0.000 seconds).
Test Suite 'RecordLogicTests' passed at 2026-07-25 20:31:22.808.
	 Executed 15 tests, with 0 failures (0 unexpected) in 0.011 (0.012) seconds
Test Suite 'RecordCorePackageTests.xctest' passed at 2026-07-25 20:31:22.808.
	 Executed 29 tests, with 0 failures (0 unexpected) in 0.018 (0.019) seconds
Test Suite 'All tests' passed at 2026-07-25 20:31:22.808.
	 Executed 29 tests, with 0 failures (0 unexpected) in 0.018 (0.020) seconds
◇ Test run started.
↳ Testing Library Version: 1902
↳ Target Platform: arm64e-apple-macos14.0
✔ Test run with 0 tests in 0 suites passed after 0.001 seconds.
